Microchip MPLAB XC8 Compiler V2.10 ()

Linker command line:

-W-3 --edf=C:\Program Files (x86)\Microchip\xc8\v2.10\pic\dat\en_msgs.txt \
  -cs -h+dist/default/production\SPARC4550.X.production.sym \
  --cmf=dist/default/production\SPARC4550.X.production.cmf -z -Q18F4550 \
  -oC:\Users\Usuario\AppData\Local\Temp\s7gc.2 --defsym=__MPLAB_BUILD=1 \
  -Mdist/default/production/SPARC4550.X.production.map -E1 -ver=XC8 \
  --acfsm=1493 -ASTACK=023Ah-07FFh -pstack=STACK -ACODE=00h-07FFFh \
  -ACONST=00h-07FFFh -ASMALLCONST=0800h-08FFhx120 \
  -AMEDIUMCONST=0800h-07FFFh -ACOMRAM=01h-05Fh -AABS1=00h-07FFh \
  -ABIGRAM=01h-07FFh -ARAM=060h-0FFh,0100h-01FFhx7 -ABANK0=060h-0FFh \
  -ABANK1=0100h-01FFh -ABANK2=0200h-02FFh -ABANK3=0300h-03FFh \
  -ABANK4=0400h-04FFh -ABANK5=0500h-05FFh -ABANK6=0600h-06FFh \
  -ABANK7=0700h-07FFh -ASFR=0F60h-0FFFh \
  -preset_vec=00h,intcode=08h,intcodelo,powerup,init -pramtop=0800h \
  -psmallconst=SMALLCONST -pmediumconst=MEDIUMCONST -pconst=CONST \
  -AFARRAM=00h-00h -ACONFIG=0300000h-030000Dh -pconfig=CONFIG \
  -AIDLOC=0200000h-0200007h -pidloc=IDLOC -AEEDATA=0F00000h-0F000FFh \
  -peeprom_data=EEDATA \
  -prdata=COMRAM,nvrram=COMRAM,nvbit=COMRAM,rbss=COMRAM,rbit=COMRAM \
  -pfarbss=FARRAM,fardata=FARRAM,nvFARRAM=FARRAM \
  -pintsave_regs=BIGRAM,bigbss=BIGRAM,bigdata=BIGRAM -pbss=RAM \
  -pidata=CODE,irdata=CODE,ibigdata=CODE,ifardata=CODE -prparam=COMRAM \
  C:\Users\Usuario\AppData\Local\Temp\s7gc.o \
  dist/default/production\SPARC4550.X.production.o 

Object code version is 3.11

Machine type is 18F4550

Call graph: (short form)




                Name                               Link     Load   Length Selector   Space Scale
C:\Users\Usuario\AppData\Local\Temp\s7gc.o
                init                                  E        E        4        4       0
                reset_vec                             0        0        4        0       0
                idloc                            200000   200000        8   200000       0
                config                           300000   300000        E   300000       0
dist/default/production\SPARC4550.X.production.o
                intcode                               8        8        6        4       0
                temp                                 5F       5F        1        1       1
                text81                             34DC     34DC       16     190A       0
                text80                             2F78     2F78       3C        4       0
                text79                             3492     3492       1C     190A       0
                text78                             3476     3476       1C     190A       0
                text77                             3504     3504       12     190A       0
                text76                             3516     3516        E     190A       0
                text75                             2F3C     2F3C       3C        4       0
                text74                             32BC     32BC       28     190A       0
                text73                             3294     3294       28     190A       0
                text72                             3176     3176       36        4       0
                text71                             2F00     2F00       3C        4       0
                text70                             3140     3140       36        4       0
                text69                             2E84     2E84       40        4       0
                text68                             1B40     1B40      13E        4       0
                text67                             20DE     20DE      104        4       0
                text66                              9BC      9BC      4C0        4       0
                text65                             2B32     2B32       46        4       0
                text64                             3356     3356       26     190A       0
                text63                             1420     1420      1B4        4       0
                text62                             1ECA     1ECA      10E        4       0
                text61                             345A     345A       1C     190A       0
                text60                             343E     343E       1C     190A       0
                text59                             2532     2532       C2        4       0
                intcode_body                       1C7E     1C7E      132        4       0
                text57                             34F2     34F2       12     190A       0
                text56                             31AC     31AC       34        4       0
                text55                             2E44     2E44       40        4       0
                text54                             34AE     34AE       18     190A       0
                text53                             2898     2898       76        4       0
                text52                             297C     297C       66        4       0
                text51                             18A6     18A6      154        4       0
                text50                             3330     3330       26     190A       0
                text49                             309C     309C       38        4       0
                text48                             2E04     2E04       40        4       0
                text47                             21E2     21E2       E0        4       0
                text46                             2C42     2C42       42        4       0
                text45                             29E2     29E2       64        4       0
                text44                             2754     2754       A4        4       0
                text43                             2DC4     2DC4       40        4       0
                text42                             2D84     2D84       40        4       0
                text41                             26A8     26A8       AC        4       0
                text40                             2D44     2D44       40        4       0
                text39                             2A46     2A46       58        4       0
                text38                             330A     330A       26     190A       0
                text37                             32E4     32E4       26     190A       0
                text36                             3062     3062       3A        4       0
                text35                             15D4     15D4      16E        4       0
                text34                             2D04     2D04       40        4       0
                text33                             109A     109A      1CE        4       0
                text32                             310A     310A       36        4       0
                text31                             3400     3400       20     190A       0
                text30                             33E0     33E0       20     190A       0
                text29                             3240     3240       2C     190A       0
                text28                             3214     3214       2C     190A       0
                text27                             2C00     2C00       42        4       0
                text26                             19FA     19FA      146        4       0
                text25                             1FD8     1FD8      106        4       0
                text24                              4FA      4FA      4C2        4       0
                text23                             2AEA     2AEA       48        4       0
                text22                             326C     326C       28     190A       0
                text21                             1268     1268      1B8        4       0
                text20                             1DB0     1DB0      11A        4       0
                text19                             33C0     33C0       20     190A       0
                text18                             33A0     33A0       20     190A       0
                text17                             239C     239C       CC        4       0
                text16                             2468     2468       CA        4       0
                text15                             2BBC     2BBC       44        4       0
                text14                             2EC4     2EC4       3C        4       0
                text13                             3028     3028       3A        4       0
                text12                             30D4     30D4       36        4       0
                text11                             2A9E     2A9E       4C        4       0
                text10                             1742     1742      164        4       0
                text9                              2CC4     2CC4       40        4       0
                text8                              290E     290E       6E        4       0
                text7                              337C     337C       24     190A       0
                text6                              2FEE     2FEE       3A        4       0
                text5                              3420     3420       1E     190A       0
                text4                              2C84     2C84       40        4       0
                text3                              25F4     25F4       B4        4       0
                text2                               E7C      E7C      21E        4       0
                text1                              2B78     2B78       44        4       0
                text0                                12       12      4E8        4       0
                cstackCOMRAM                          1        1       43        1       1
                cstackBANK0                          60       60       52       60       1
                dataBANK2                           200      200       3A      200       1
                dataBANK1                           100      100       DA      100       1
                dataBANK0                            B2       B2       33       60       1
                bssBANK0                             E5       E5        F       60       1
                dataCOMRAM                           44       44       16        1       1
                bssCOMRAM                            5A       5A        5        1       1
                cinit                              27F8     27F8       A0        4       0
                idataBANK2                         2FB4     2FB4       3A        4       0
                idataBANK1                         22C2     22C2       DA        4       0
                idataBANK0                         31E0     31E0       33        4       0
                idataCOMRAM                        34C6     34C6       16     190A       0

TOTAL           Name                               Link     Load   Length     Space
        CLASS   STACK          

        CLASS   CODE           
                intcode                               8        8        6         0
                init                                  E        E        4         0
                reset_vec                             0        0        4         0
                text81                             34DC     34DC       16         0
                text80                             2F78     2F78       3C         0
                text79                             3492     3492       1C         0
                text78                             3476     3476       1C         0
                text77                             3504     3504       12         0
                text76                             3516     3516        E         0
                text75                             2F3C     2F3C       3C         0
                text74                             32BC     32BC       28         0
                text73                             3294     3294       28         0
                text72                             3176     3176       36         0
                text71                             2F00     2F00       3C         0
                text70                             3140     3140       36         0
                text69                             2E84     2E84       40         0
                text68                             1B40     1B40      13E         0
                text67                             20DE     20DE      104         0
                text66                              9BC      9BC      4C0         0
                text65                             2B32     2B32       46         0
                text64                             3356     3356       26         0
                text63                             1420     1420      1B4         0
                text62                             1ECA     1ECA      10E         0
                text61                             345A     345A       1C         0
                text60                             343E     343E       1C         0
                text59                             2532     2532       C2         0
                intcode_body                       1C7E     1C7E      132         0
                text57                             34F2     34F2       12         0
                text56                             31AC     31AC       34         0
                text55                             2E44     2E44       40         0
                text54                             34AE     34AE       18         0
                text53                             2898     2898       76         0
                text52                             297C     297C       66         0
                text51                             18A6     18A6      154         0
                text50                             3330     3330       26         0
                text49                             309C     309C       38         0
                text48                             2E04     2E04       40         0
                text47                             21E2     21E2       E0         0
                text46                             2C42     2C42       42         0
                text45                             29E2     29E2       64         0
                text44                             2754     2754       A4         0
                text43                             2DC4     2DC4       40         0
                text42                             2D84     2D84       40         0
                text41                             26A8     26A8       AC         0
                text40                             2D44     2D44       40         0
                text39                             2A46     2A46       58         0
                text38                             330A     330A       26         0
                text37                             32E4     32E4       26         0
                text36                             3062     3062       3A         0
                text35                             15D4     15D4      16E         0
                text34                             2D04     2D04       40         0
                text33                             109A     109A      1CE         0
                text32                             310A     310A       36         0
                text31                             3400     3400       20         0
                text30                             33E0     33E0       20         0
                text29                             3240     3240       2C         0
                text28                             3214     3214       2C         0
                text27                             2C00     2C00       42         0
                text26                             19FA     19FA      146         0
                text25                             1FD8     1FD8      106         0
                text24                              4FA      4FA      4C2         0
                text23                             2AEA     2AEA       48         0
                text22                             326C     326C       28         0
                text21                             1268     1268      1B8         0
                text20                             1DB0     1DB0      11A         0
                text19                             33C0     33C0       20         0
                text18                             33A0     33A0       20         0
                text17                             239C     239C       CC         0
                text16                             2468     2468       CA         0
                text15                             2BBC     2BBC       44         0
                text14                             2EC4     2EC4       3C         0
                text13                             3028     3028       3A         0
                text12                             30D4     30D4       36         0
                text11                             2A9E     2A9E       4C         0
                text10                             1742     1742      164         0
                text9                              2CC4     2CC4       40         0
                text8                              290E     290E       6E         0
                text7                              337C     337C       24         0
                text6                              2FEE     2FEE       3A         0
                text5                              3420     3420       1E         0
                text4                              2C84     2C84       40         0
                text3                              25F4     25F4       B4         0
                text2                               E7C      E7C      21E         0
                text1                              2B78     2B78       44         0
                text0                                12       12      4E8         0
                cinit                              27F8     27F8       A0         0
                idataBANK2                         2FB4     2FB4       3A         0
                idataBANK1                         22C2     22C2       DA         0
                idataBANK0                         31E0     31E0       33         0
                idataCOMRAM                        34C6     34C6       16         0

        CLASS   CONST          

        CLASS   SMALLCONST     

        CLASS   MEDIUMCONST    

        CLASS   COMRAM         
                temp                                 5F       5F        1         1
                cstackCOMRAM                          1        1       43         1
                dataCOMRAM                           44       44       16         1
                bssCOMRAM                            5A       5A        5         1

        CLASS   ABS1           

        CLASS   BIGRAM         

        CLASS   RAM            

        CLASS   BANK0          
                cstackBANK0                          60       60       52         1
                dataBANK0                            B2       B2       33         1
                bssBANK0                             E5       E5        F         1

        CLASS   BANK1          
                dataBANK1                           100      100       DA         1

        CLASS   BANK2          
                dataBANK2                           200      200       3A         1

        CLASS   BANK3          

        CLASS   BANK4          

        CLASS   BANK5          

        CLASS   BANK6          

        CLASS   BANK7          

        CLASS   SFR            

        CLASS   FARRAM         

        CLASS   CONFIG         
                config                           300000   300000        E         0

        CLASS   IDLOC          
                idloc                            200000   200000        8         0

        CLASS   EEDATA         



SEGMENTS        Name                           Load    Length   Top    Selector   Space  Class

                reset_vec                      000000  000004  000004         0       0  CODE    
                cstackCOMRAM                   000001  00005F  000060         1       1  COMRAM  
                intcode                        000008  00320B  003213         4       0  CODE    
                cstackBANK0                    000060  000094  0000F4        60       1  BANK0   
                dataBANK1                      000100  0000DA  0001DA       100       1  BANK1   
                dataBANK2                      000200  00003A  00023A       200       1  BANK2   
                text28                         003214  000310  003524      190A       0  CODE    
                idloc                          200000  000008  200008    200000       0  IDLOC   
                config                         300000  00000E  30000E    300000       0  CONFIG  


UNUSED ADDRESS RANGES

        Name                Unused          Largest block    Delta
        BANK0            0000F4-0000FF                C
        BANK1            0001DA-0001FF               26
        BANK2            00023A-0002FF               C6
        BANK3            000300-0003FF              100
        BANK4            000400-0004FF              100
        BANK5            000500-0005FF              100
        BANK6            000600-0006FF              100
        BANK7            000700-0007FF              100
        BIGRAM           0000F4-0000FF                C
                         0001DA-0001FF               26
                         00023A-0007FF              5C6
        CODE             000004-000007                4
                         003213-003213                1
                         003524-007FFF             4ADC
        CONST            000004-000007                4
                         003213-003213                1
                         003524-007FFF             4ADC
        EEDATA           F00000-F000FF              100
        MEDIUMCONST      003213-003213                1
                         003524-007FFF             4ADC
        RAM              0000F4-0000FF                C
                         0001DA-0001FF               26
                         00023A-0007FF              100
        SFR              000F60-000FFF               A0
        SMALLCONST       003213-003213                1
                         003524-007FFF              100
        STACK            00023A-0007FF              5C6

                                  Symbol Table

?_Conversion                         cstackBANK0  000088
?_ExtraerDato                        cstackBANK0  000061
?_MOVASETPOINT                       cstackBANK0  00009C
?_Obt                                cstackBANK0  000066
?___fladd                            cstackBANK0  000060
?___flsub                            cstackBANK0  000074
?___lwdiv                            cstackBANK0  000065
?___lwmod                            cstackBANK0  000060
?___wmul                             cstackBANK0  000060
?___xxtofl                           cstackBANK0  000066
?_abs                                cstackBANK0  000060
?i2_Conversion                       cstackCOMRAM 000029
?i2___fladd                          cstackCOMRAM 000001
?i2___flsub                          cstackCOMRAM 000015
?i2___wmul                           cstackCOMRAM 000001
?i2___xxtofl                         cstackCOMRAM 000007
?i2_abs                              cstackCOMRAM 000001
BORRARINSTRUCCION@i                  cstackBANK0  000062
CHECK@T                              cstackBANK0  000062
CHECK@i                              cstackBANK0  000063
CONTADOR@A                           cstackBANK0  00006F
CONTADOR@B                           cstackBANK0  000070
CONTADOR@ContadorA                   cstackBANK0  000069
CONTADOR@ContadorB                   cstackBANK0  00006B
CONTADOR@DifA                        cstackBANK0  000065
CONTADOR@DifB                        cstackBANK0  000067
CONTADOR@ZA                          cstackBANK0  00006D
CONTADOR@ZB                          cstackBANK0  00006E
COORReal@F3692                       dataBANK0    0000C0
COORReal@Pos                         cstackBANK0  000070
COORReal@Send                        cstackBANK0  00007C
COORReal@Xvalora                     cstackBANK0  00006C
COORReal@Yvalora                     cstackBANK0  00006E
COORReal@i                           cstackBANK0  00007F
CREARINS@elecc                       cstackBANK0  000099
Conversion@B                         cstackBANK0  000090
Conversion@Dif                       cstackBANK0  000088
Conversion@X1                        cstackBANK0  00008C
Conversion@X2                        cstackBANK0  000092
DIR_A@X                              cstackBANK0  000060
DIR_B@X                              cstackBANK0  000060
EEPROM_R@dir                         cstackBANK0  000060
EEPROM_W@dato                        cstackBANK0  000060
EEPROM_W@dir                         cstackBANK0  000061
EJECUTARINS@E                        cstackBANK0  0000A8
EJECUTARINS@INSTRNAME                cstackBANK0  0000A0
EJECUTARINS@XN                       cstackBANK0  0000A4
EJECUTARINS@XR                       cstackBANK0  00009C
EJECUTARINS@YN                       cstackBANK0  0000A6
EJECUTARINS@YR                       cstackBANK0  00009E
EJECUTARINS@dato                     cstackBANK0  0000AA
EJECUTARINS@dir                      cstackBANK0  0000AB
EJECUTARINS@i                        cstackBANK0  0000A9
ENABLE_A@X                           cstackBANK0  000060
ENABLE_B@X                           cstackBANK0  000060
ESCRIBIRINSTRUCCION@b                cstackBANK0  000081
ESCRIBIRINSTRUCCION@dato             cstackBANK0  00007A
ESCRIBIRINSTRUCCION@dir              cstackBANK0  000080
ESCRIBIRINSTRUCCION@i                cstackBANK0  00007F
ESCRIBIRINSTRUCCION@send             cstackBANK0  00007E
EditseT@C                            cstackBANK0  000089
EditseT@E                            cstackBANK0  000087
EditseT@X                            cstackBANK0  00007E
EditseT@Y                            cstackBANK0  000080
EditseT@b                            cstackBANK0  000088
EditseT@d                            cstackBANK0  000086
EditseT@dato                         cstackBANK0  000082
EditseT@i                            cstackBANK0  00008A
EditseT@send                         cstackBANK0  00007D
ExtraerDato@DH                       cstackBANK0  000067
ExtraerDato@DL                       cstackBANK0  000068
ExtraerDato@DT                       cstackBANK0  000065
ExtraerDato@Dir                      cstackBANK0  000069
GuardarsetN@dato                     cstackBANK0  000062
GuardarsetN@dir                      cstackBANK0  000064
GuardarsetN@i                        cstackBANK0  000065
GuardarsetX@X                        cstackBANK0  000062
GuardarsetX@XH                       cstackBANK0  000064
GuardarsetX@XL                       cstackBANK0  000065
GuardarsetX@dir                      cstackBANK0  000066
GuardarsetY@Y                        cstackBANK0  000062
GuardarsetY@YH                       cstackBANK0  000064
GuardarsetY@YL                       cstackBANK0  000065
GuardarsetY@dir                      cstackBANK0  000066
IMP_ACCION@C                         cstackBANK0  00006A
IMP_ACCION@F                         cstackBANK0  000061
IMP_ACCION@F3652                     dataBANK0    0000CC
INSTRUCCION@Menumov                  cstackBANK0  000089
INSTRUCCION@dir                      cstackBANK0  00008A
LIMITEX@C                            cstackCOMRAM 000010
LIMITEX@F                            cstackCOMRAM 000002
LIMITEX@F3665                        dataCOMRAM   000044
LIMITEY@C                            cstackCOMRAM 000010
LIMITEY@F                            cstackCOMRAM 000002
LIMITEY@F3669                        dataBANK1    0001CC
MENUINS@C                            cstackBANK0  000081
MENUINS@F                            cstackBANK0  000061
MENUINS@F3644                        dataBANK1    00015E
MOVASETPOINT@XN                      cstackBANK0  0000A4
MOVASETPOINT@XR                      cstackBANK0  00009C
MOVASETPOINT@YN                      cstackBANK0  0000A6
MOVASETPOINT@YR                      cstackBANK0  00009E
MOVASETPOINT@b                       cstackBANK0  0000A9
MOVASETPOINT@dato                    cstackBANK0  0000A0
MOVASETPOINT@i                       cstackBANK0  0000AA
MOVASETPOINT@send                    cstackBANK0  0000A8
Menimp@F3611                         dataBANK0    0000DE
Menimp@Send                          cstackBANK0  000064
Menimp@comandos                      cstackBANK0  000061
Menimp@i                             cstackBANK0  000065
Mensaje_comando_completado@C         cstackBANK0  000063
Mensaje_comando_completado@F         cstackBANK0  000061
Mensaje_comando_completado@F3636     dataBANK0    0000E3
NOHAYESPACIO@C                       cstackBANK0  000088
NOHAYESPACIO@F                       cstackBANK0  000061
NOHAYESPACIO@F3640                   dataBANK1    000137
NOcomando@C                          cstackBANK0  000064
NOcomando@F                          cstackBANK0  000061
NOcomando@F3677                      dataBANK0    0000DB
NOcoordenada@C                       cstackBANK0  000064
NOcoordenada@F                       cstackBANK0  000061
NOcoordenada@F3681                   dataBANK0    0000D8
OCUPADO@C                            cstackBANK0  000063
OCUPADO@F                            cstackBANK0  000061
OCUPADO@F3685                        dataBANK0    0000E1
Obt@E                                cstackBANK0  00006E
Obt@Send                             cstackBANK0  00006D
Obt@Xvalor                           cstackBANK0  00006F
Obt@imp                              cstackBANK0  00006A
Obt@valor                            cstackBANK0  00006B
PARO2@C                              cstackCOMRAM 00001D
PARO2@F                              cstackCOMRAM 000002
PARO2@F3673                          dataBANK1    00017E
PREEJECUTAR@XR                       cstackBANK0  0000AC
PREEJECUTAR@YR                       cstackBANK0  0000AE
PREEJECUTAR@elecc                    cstackBANK0  0000B1
PREEJECUTAR@i                        cstackBANK0  0000B0
PREGUNTA2@C                          cstackBANK0  00009B
PREGUNTA2@F                          cstackBANK0  000061
PREGUNTA2@F3661                      dataBANK2    000200
PREGUNTA@C                           cstackBANK0  000098
PREGUNTA@F                           cstackBANK0  000061
PREGUNTA@F3648                       dataBANK1    000100
PROBLEMA@temp                        cstackBANK0  000060
PWMDutyCycle1@DUTY                   cstackBANK0  000064
PWMDutyCycle1@PERCENT                cstackBANK0  000062
PWMDutyCycle2@DUTY                   cstackBANK0  000064
PWMDutyCycle2@PERCENT                cstackBANK0  000062
SETNOEX@C                            cstackBANK0  000079
SETNOEX@F                            cstackBANK0  000061
SETNOEX@F3628                        dataBANK1    0001B4
SETPOINEXIST@C                       cstackBANK0  00007C
SETPOINEXIST@F                       cstackBANK0  000061
SETPOINEXIST@F3632                   dataBANK1    000199
SETPOINTBUSCAR@T                     cstackBANK0  000065
SETPOINTBUSCAR@dato                  cstackBANK0  000061
SETPOINTBUSCAR@i                     cstackBANK0  000066
Tardanza@C                           cstackBANK0  000064
Tardanza@F                           cstackBANK0  000061
Tardanza@F3696                       dataBANK0    0000D5
UARTRead@X                           cstackBANK0  000065
UARTRead@Y                           cstackBANK0  000061
UARTWrite@txData                     cstackBANK0  000060
_ADCON1                              (abs)        000FC1
_Acci                                bssBANK0     0000EB
_Accion                              text11       002A9E
_BAUDCONbits                         (abs)        000FB8
_BORRARINSTRUCCION                   text50       003330
_CCP1CON                             (abs)        000FBD
_CCP2CON                             (abs)        000FBA
_CCPR1L                              (abs)        000FBE
_CCPR2L                              (abs)        000FBB
_CHECK                               text55       002E44
_CMCON                               (abs)        000FB4
_CONTADOR                            text26       0019FA
_COORReal                            text51       0018A6
_COORReal$2315                       cstackBANK0  00007D
_CREARINS                            text39       002A46
_CREN                                (abs)        007D5C
_CVRCONbits                          (abs)        000FB5
_Conversion                          text20       001DB0
_DIR_A                               text19       0033C0
_DIR_B                               text18       0033A0
_DifX                                bssBANK0     0000E7
_DifY                                bssBANK0     0000E5
_DirEEPROM                           bssBANK0     0000E9
_E                                   bssBANK0     0000EA
_EEADR                               (abs)        000FA9
_EECON1bits                          (abs)        000FA6
_EECON2                              (abs)        000FA7
_EEDATA                              (abs)        000FA8
_EEPROM_R                            text57       0034F2
_EEPROM_W                            text56       0031AC
_EJECUTARINS                         text10       001742
_ENABLE_A                            text31       003400
_ENABLE_B                            text30       0033E0
_ESCRIBIRINSTRUCCION                 text44       002754
_EditseT                             text33       00109A
_ExtraerDato                         text32       00310A
_FERR                                (abs)        007D5A
_GuardarsetN                         text49       00309C
_GuardarsetX                         text38       00330A
_GuardarsetY                         text37       0032E4
_IMP_ACCION                          text4        002C84
_INSTRUCCION                         text41       0026A8
_INTCON2bits                         (abs)        000FF1
_INTCON3bits                         (abs)        000FF0
_INTCONbits                          (abs)        000FF2
_INT_isr                             intcode      000008
_LIMITEX                             text75       002F3C
_LIMITEY                             text71       002F00
_MENUINS                             text43       002DC4
_MOVASETPOINT                        text16       002468
_Menimp                              text15       002BBC
_Mensaje_comando_completado          text14       002EC4
_NOHAYESPACIO                        text42       002D84
_NOcomando                           text13       003028
_NOcoordenada                        text36       003062
_OCUPADO                             text12       0030D4
_OERR                                (abs)        007D59
_OSCCON                              (abs)        000FD3
_Obt                                 text35       0015D4
_PA                                  bssCOMRAM    00005C
_PARO2                               text80       002F78
_PARO2aden                           text77       003504
_PARO2out                            text76       003516
_PB                                  bssCOMRAM    00005A
_PIR1bits                            (abs)        000F9E
_PIR2bits                            (abs)        000FA1
_PORTBbits                           (abs)        000F81
_PORTCbits                           (abs)        000F82
_PORTDbits                           (abs)        000F83
_PR2                                 (abs)        000FCB
_PREEJECUTAR                         text8        00290E
_PREGUNTA                            text40       002D44
_PREGUNTA2                           text9        002CC4
_PROBLEMA                            text46       002C42
_PWMDutyCycle1                       text29       003240
_PWMDutyCycle2                       text28       003214
_PWMconfi                            text7        00337C
_PX                                  dataCOMRAM   000058
_PXN                                 dataCOMRAM   000054
_PY                                  dataCOMRAM   000056
_PYN                                 dataCOMRAM   000052
_RCONbits                            (abs)        000FD0
_RCREG                               (abs)        000FAE
_RCREG1                              (abs)        000FAE
_RCSTAbits                           (abs)        000FAB
_SETNOEX                             text48       002E04
_SETPOINEXIST                        text34       002D04
_SETPOINTBUSCAR                      text47       0021E2
_SPBRG1                              (abs)        000FAF
_T2CON                               (abs)        000FCA
_T2CONbits                           (abs)        000FCA
_TMR2                                (abs)        000FCC
_TRISBbits                           (abs)        000F93
_TRISCbits                           (abs)        000F94
_TRISDbits                           (abs)        000F95
_TXEN                                (abs)        007D65
_TXREG                               (abs)        000FAD
_TXSTAbits                           (abs)        000FAC
_Tardanza                            text6        002FEE
_UARTRead                            text45       0029E2
_UARTWrite                           text54       0034AE
_UARTconfi                           text5        003420
_XvalorR                             bssBANK0     0000F2
_Xvalorn                             bssBANK0     0000EE
_YvalorR                             bssBANK0     0000F0
_Yvalorn                             bssBANK0     0000EC
__CFG_BOR$ON                         (abs)        000000
__CFG_BORV$3                         (abs)        000000
__CFG_CCP2MX$ON                      (abs)        000000
__CFG_CP0$OFF                        (abs)        000000
__CFG_CP1$OFF                        (abs)        000000
__CFG_CP2$OFF                        (abs)        000000
__CFG_CP3$OFF                        (abs)        000000
__CFG_CPB$OFF                        (abs)        000000
__CFG_CPD$OFF                        (abs)        000000
__CFG_CPUDIV$OSC1_PLL2               (abs)        000000
__CFG_EBTR0$OFF                      (abs)        000000
__CFG_EBTR1$OFF                      (abs)        000000
__CFG_EBTR2$OFF                      (abs)        000000
__CFG_EBTR3$OFF                      (abs)        000000
__CFG_EBTRB$OFF                      (abs)        000000
__CFG_FCMEN$OFF                      (abs)        000000
__CFG_FOSC$INTOSC_EC                 (abs)        000000
__CFG_ICPRT$OFF                      (abs)        000000
__CFG_IESO$OFF                       (abs)        000000
__CFG_LPT1OSC$OFF                    (abs)        000000
__CFG_LVP$OFF                        (abs)        000000
__CFG_MCLRE$ON                       (abs)        000000
__CFG_PBADEN$OFF                     (abs)        000000
__CFG_PLLDIV$1                       (abs)        000000
__CFG_PWRT$OFF                       (abs)        000000
__CFG_STVREN$ON                      (abs)        000000
__CFG_USBDIV$1                       (abs)        000000
__CFG_VREGEN$OFF                     (abs)        000000
__CFG_WDT$OFF                        (abs)        000000
__CFG_WDTPS$32768                    (abs)        000000
__CFG_WRT0$OFF                       (abs)        000000
__CFG_WRT1$OFF                       (abs)        000000
__CFG_WRT2$OFF                       (abs)        000000
__CFG_WRT3$OFF                       (abs)        000000
__CFG_WRTB$OFF                       (abs)        000000
__CFG_WRTC$OFF                       (abs)        000000
__CFG_WRTD$OFF                       (abs)        000000
__CFG_XINST$OFF                      (abs)        000000
__HRAM                               (abs)        000000
__Habs1                              abs1         000000
__Hbank0                             bank0        000000
__Hbank1                             bank1        000000
__Hbank2                             bank2        000000
__Hbank3                             bank3        000000
__Hbank4                             bank4        000000
__Hbank5                             bank5        000000
__Hbank6                             bank6        000000
__Hbank7                             bank7        000000
__Hbigbss                            bigbss       000000
__Hbigdata                           bigdata      000000
__Hbigram                            bigram       000000
__Hbss                               bss          000000
__HbssBANK0                          bssBANK0     000000
__HbssCOMRAM                         bssCOMRAM    000000
__Hcinit                             cinit        000000
__Hclrtext                           clrtext      000000
__Hcomram                            comram       000000
__Hconfig                            config       30000E
__Hconst                             const        000000
__HcstackBANK0                       cstackBANK0  000000
__HcstackCOMRAM                      cstackCOMRAM 000000
__Hdata                              data         000000
__HdataBANK0                         dataBANK0    000000
__HdataBANK1                         dataBANK1    000000
__HdataBANK2                         dataBANK2    000000
__HdataCOMRAM                        dataCOMRAM   000000
__Heeprom_data                       eeprom_data  000000
__Hfarbss                            farbss       000000
__Hfardata                           fardata      000000
__Hibigdata                          ibigdata     000000
__Hidata                             idata        000000
__HidataBANK0                        idataBANK0   000000
__HidataBANK1                        idataBANK1   000000
__HidataBANK2                        idataBANK2   000000
__HidataCOMRAM                       idataCOMRAM  000000
__Hidloc                             idloc        200008
__Hifardata                          ifardata     000000
__Hinit                              init         000012
__Hintcode                           intcode      00000E
__Hintcode_body                      intcode_body 000000
__Hintcodelo                         intcodelo    00000E
__Hintentry                          intentry     000000
__Hintret                            intret       000000
__Hintsave_regs                      intsave_regs 000000
__Hirdata                            irdata       000000
__Hmediumconst                       mediumconst  000000
__HnvFARRAM                          nvFARRAM     000000
__Hnvbit                             nvbit        000000
__Hnvrram                            nvrram       000000
__Hparam                             rparam       000000
__Hpowerup                           powerup      00000E
__Hram                               ram          000000
__Hramtop                            ramtop       000800
__Hrbit                              rbit         000000
__Hrbss                              rbss         000000
__Hrdata                             rdata        000000
__Hreset_vec                         reset_vec    000004
__Hrparam                            rparam       000000
__Hsfr                               sfr          000000
__Hsmallconst                        smallconst   000000
__Hspace_0                           (abs)        30000E
__Hspace_1                           (abs)        00023A
__Hspace_2                           (abs)        000000
__Hstack                             stack        000000
__Hstruct                            struct       000000
__Htemp                              temp         000060
__Htext                              text         000000
__Htext0                             text0        000000
__Htext1                             text1        000000
__Htext10                            text10       000000
__Htext11                            text11       000000
__Htext12                            text12       000000
__Htext13                            text13       000000
__Htext14                            text14       000000
__Htext15                            text15       000000
__Htext16                            text16       000000
__Htext17                            text17       000000
__Htext18                            text18       000000
__Htext19                            text19       000000
__Htext2                             text2        000000
__Htext20                            text20       000000
__Htext21                            text21       000000
__Htext22                            text22       000000
__Htext23                            text23       000000
__Htext24                            text24       000000
__Htext25                            text25       000000
__Htext26                            text26       000000
__Htext27                            text27       000000
__Htext28                            text28       000000
__Htext29                            text29       000000
__Htext3                             text3        000000
__Htext30                            text30       000000
__Htext31                            text31       000000
__Htext32                            text32       000000
__Htext33                            text33       000000
__Htext34                            text34       000000
__Htext35                            text35       000000
__Htext36                            text36       000000
__Htext37                            text37       000000
__Htext38                            text38       000000
__Htext39                            text39       000000
__Htext4                             text4        000000
__Htext40                            text40       000000
__Htext41                            text41       000000
__Htext42                            text42       000000
__Htext43                            text43       000000
__Htext44                            text44       000000
__Htext45                            text45       000000
__Htext46                            text46       000000
__Htext47                            text47       000000
__Htext48                            text48       000000
__Htext49                            text49       000000
__Htext5                             text5        000000
__Htext50                            text50       000000
__Htext51                            text51       000000
__Htext52                            text52       000000
__Htext53                            text53       000000
__Htext54                            text54       000000
__Htext55                            text55       000000
__Htext56                            text56       000000
__Htext57                            text57       000000
__Htext59                            text59       000000
__Htext6                             text6        000000
__Htext60                            text60       000000
__Htext61                            text61       000000
__Htext62                            text62       000000
__Htext63                            text63       000000
__Htext64                            text64       000000
__Htext65                            text65       000000
__Htext66                            text66       000000
__Htext67                            text67       000000
__Htext68                            text68       000000
__Htext69                            text69       000000
__Htext7                             text7        000000
__Htext70                            text70       000000
__Htext71                            text71       000000
__Htext72                            text72       000000
__Htext73                            text73       000000
__Htext74                            text74       000000
__Htext75                            text75       000000
__Htext76                            text76       000000
__Htext77                            text77       000000
__Htext78                            text78       000000
__Htext79                            text79       000000
__Htext8                             text8        000000
__Htext80                            text80       000000
__Htext81                            text81       000000
__Htext9                             text9        000000
__LRAM                               (abs)        000001
__Labs1                              abs1         000000
__Lbank0                             bank0        000000
__Lbank1                             bank1        000000
__Lbank2                             bank2        000000
__Lbank3                             bank3        000000
__Lbank4                             bank4        000000
__Lbank5                             bank5        000000
__Lbank6                             bank6        000000
__Lbank7                             bank7        000000
__Lbigbss                            bigbss       000000
__Lbigdata                           bigdata      000000
__Lbigram                            bigram       000000
__Lbss                               bss          000000
__LbssBANK0                          bssBANK0     000000
__LbssCOMRAM                         bssCOMRAM    000000
__Lcinit                             cinit        000000
__Lclrtext                           clrtext      000000
__Lcomram                            comram       000000
__Lconfig                            config       300000
__Lconst                             const        000000
__LcstackBANK0                       cstackBANK0  000000
__LcstackCOMRAM                      cstackCOMRAM 000000
__Ldata                              data         000000
__LdataBANK0                         dataBANK0    000000
__LdataBANK1                         dataBANK1    000000
__LdataBANK2                         dataBANK2    000000
__LdataCOMRAM                        dataCOMRAM   000000
__Leeprom_data                       eeprom_data  000000
__Lfarbss                            farbss       000000
__Lfardata                           fardata      000000
__Libigdata                          ibigdata     000000
__Lidata                             idata        000000
__LidataBANK0                        idataBANK0   000000
__LidataBANK1                        idataBANK1   000000
__LidataBANK2                        idataBANK2   000000
__LidataCOMRAM                       idataCOMRAM  000000
__Lidloc                             idloc        200000
__Lifardata                          ifardata     000000
__Linit                              init         00000E
__Lintcode                           intcode      000008
__Lintcode_body                      intcode_body 000000
__Lintcodelo                         intcodelo    00000E
__Lintentry                          intentry     000000
__Lintret                            intret       000000
__Lintsave_regs                      intsave_regs 000000
__Lirdata                            irdata       000000
__Lmediumconst                       mediumconst  000000
__LnvFARRAM                          nvFARRAM     000000
__Lnvbit                             nvbit        000000
__Lnvrram                            nvrram       000000
__Lparam                             rparam       000000
__Lpowerup                           powerup      00000E
__Lram                               ram          000000
__Lramtop                            ramtop       000800
__Lrbit                              rbit         000000
__Lrbss                              rbss         000000
__Lrdata                             rdata        000000
__Lreset_vec                         reset_vec    000000
__Lrparam                            rparam       000000
__Lsfr                               sfr          000000
__Lsmallconst                        smallconst   000000
__Lspace_0                           (abs)        000000
__Lspace_1                           (abs)        000000
__Lspace_2                           (abs)        000000
__Lstack                             stack        000000
__Lstruct                            struct       000000
__Ltemp                              temp         00005F
__Ltext                              text         000000
__Ltext0                             text0        000000
__Ltext1                             text1        000000
__Ltext10                            text10       000000
__Ltext11                            text11       000000
__Ltext12                            text12       000000
__Ltext13                            text13       000000
__Ltext14                            text14       000000
__Ltext15                            text15       000000
__Ltext16                            text16       000000
__Ltext17                            text17       000000
__Ltext18                            text18       000000
__Ltext19                            text19       000000
__Ltext2                             text2        000000
__Ltext20                            text20       000000
__Ltext21                            text21       000000
__Ltext22                            text22       000000
__Ltext23                            text23       000000
__Ltext24                            text24       000000
__Ltext25                            text25       000000
__Ltext26                            text26       000000
__Ltext27                            text27       000000
__Ltext28                            text28       000000
__Ltext29                            text29       000000
__Ltext3                             text3        000000
__Ltext30                            text30       000000
__Ltext31                            text31       000000
__Ltext32                            text32       000000
__Ltext33                            text33       000000
__Ltext34                            text34       000000
__Ltext35                            text35       000000
__Ltext36                            text36       000000
__Ltext37                            text37       000000
__Ltext38                            text38       000000
__Ltext39                            text39       000000
__Ltext4                             text4        000000
__Ltext40                            text40       000000
__Ltext41                            text41       000000
__Ltext42                            text42       000000
__Ltext43                            text43       000000
__Ltext44                            text44       000000
__Ltext45                            text45       000000
__Ltext46                            text46       000000
__Ltext47                            text47       000000
__Ltext48                            text48       000000
__Ltext49                            text49       000000
__Ltext5                             text5        000000
__Ltext50                            text50       000000
__Ltext51                            text51       000000
__Ltext52                            text52       000000
__Ltext53                            text53       000000
__Ltext54                            text54       000000
__Ltext55                            text55       000000
__Ltext56                            text56       000000
__Ltext57                            text57       000000
__Ltext59                            text59       000000
__Ltext6                             text6        000000
__Ltext60                            text60       000000
__Ltext61                            text61       000000
__Ltext62                            text62       000000
__Ltext63                            text63       000000
__Ltext64                            text64       000000
__Ltext65                            text65       000000
__Ltext66                            text66       000000
__Ltext67                            text67       000000
__Ltext68                            text68       000000
__Ltext69                            text69       000000
__Ltext7                             text7        000000
__Ltext70                            text70       000000
__Ltext71                            text71       000000
__Ltext72                            text72       000000
__Ltext73                            text73       000000
__Ltext74                            text74       000000
__Ltext75                            text75       000000
__Ltext76                            text76       000000
__Ltext77                            text77       000000
__Ltext78                            text78       000000
__Ltext79                            text79       000000
__Ltext8                             text8        000000
__Ltext80                            text80       000000
__Ltext81                            text81       000000
__Ltext9                             text9        000000
__S0                                 (abs)        30000E
__S1                                 (abs)        00023A
__S2                                 (abs)        000000
___fladd                             text24       0004FA
___fladd@a                           cstackBANK0  000064
___fladd@aexp                        cstackBANK0  00006D
___fladd@b                           cstackBANK0  000060
___fladd@bexp                        cstackBANK0  00006E
___fladd@grs                         cstackBANK0  00006F
___fladd@signs                       cstackBANK0  00006C
___flge                              text25       001FD8
___flge@ff1                          cstackBANK0  00007C
___flge@ff2                          cstackBANK0  000080
___flsub                             text23       002AEA
___flsub@a                           cstackBANK0  000078
___flsub@b                           cstackBANK0  000074
___inthi_sp                          stack        000000
___intlo_sp                          stack        000000
___lwdiv                             text53       002898
___lwdiv@counter                     cstackBANK0  00006B
___lwdiv@dividend                    cstackBANK0  000065
___lwdiv@divisor                     cstackBANK0  000067
___lwdiv@quotient                    cstackBANK0  000069
___lwmod                             text52       00297C
___lwmod@counter                     cstackBANK0  000064
___lwmod@dividend                    cstackBANK0  000060
___lwmod@divisor                     cstackBANK0  000062
___param_bank                        (abs)        000000
___rparam_used                       (abs)        000001
___sp                                stack        000000
___wmul                              text22       00326C
___wmul@multiplicand                 cstackBANK0  000062
___wmul@multiplier                   cstackBANK0  000060
___wmul@product                      cstackBANK0  000064
___xxtofl                            text21       001268
___xxtofl@arg                        cstackBANK0  000070
___xxtofl@exp                        cstackBANK0  00006F
___xxtofl@sign                       cstackBANK0  00006E
___xxtofl@val                        cstackBANK0  000066
__accesstop                          (abs)        000060
__activetblptr                       (abs)        000000
__end_of_Accion                      text11       002AEA
__end_of_BORRARINSTRUCCION           text50       003356
__end_of_CHECK                       text55       002E84
__end_of_CONTADOR                    text26       001B40
__end_of_COORReal                    text51       0019FA
__end_of_CREARINS                    text39       002A9E
__end_of_Conversion                  text20       001ECA
__end_of_DIR_A                       text19       0033E0
__end_of_DIR_B                       text18       0033C0
__end_of_EEPROM_R                    text57       003504
__end_of_EEPROM_W                    text56       0031E0
__end_of_EJECUTARINS                 text10       0018A6
__end_of_ENABLE_A                    text31       003420
__end_of_ENABLE_B                    text30       003400
__end_of_ESCRIBIRINSTRUCCION         text44       0027F8
__end_of_EditseT                     text33       001268
__end_of_ExtraerDato                 text32       003140
__end_of_GuardarsetN                 text49       0030D4
__end_of_GuardarsetX                 text38       003330
__end_of_GuardarsetY                 text37       00330A
__end_of_IMP_ACCION                  text4        002CC4
__end_of_INSTRUCCION                 text41       002754
__end_of_INT_isr                     intcode_body 001DB0
__end_of_LIMITEX                     text75       002F78
__end_of_LIMITEY                     text71       002F3C
__end_of_MENUINS                     text43       002E04
__end_of_MOVASETPOINT                text16       002532
__end_of_Menimp                      text15       002C00
__end_of_Mensaje_comando_completado  text14       002F00
__end_of_NOHAYESPACIO                text42       002DC4
__end_of_NOcomando                   text13       003062
__end_of_NOcoordenada                text36       00309C
__end_of_OCUPADO                     text12       00310A
__end_of_Obt                         text35       001742
__end_of_PARO2                       text80       002FB4
__end_of_PARO2aden                   text77       003516
__end_of_PARO2out                    text76       003524
__end_of_PREEJECUTAR                 text8        00297C
__end_of_PREGUNTA                    text40       002D84
__end_of_PREGUNTA2                   text9        002D04
__end_of_PROBLEMA                    text46       002C84
__end_of_PWMDutyCycle1               text29       00326C
__end_of_PWMDutyCycle2               text28       003240
__end_of_PWMconfi                    text7        0033A0
__end_of_SETNOEX                     text48       002E44
__end_of_SETPOINEXIST                text34       002D44
__end_of_SETPOINTBUSCAR              text47       0022C2
__end_of_Tardanza                    text6        003028
__end_of_UARTRead                    text45       002A46
__end_of_UARTWrite                   text54       0034C6
__end_of_UARTconfi                   text5        00343E
__end_of___fladd                     text24       0009BC
__end_of___flge                      text25       0020DE
__end_of___flsub                     text23       002B32
__end_of___lwdiv                     text53       00290E
__end_of___lwmod                     text52       0029E2
__end_of___wmul                      text22       003294
__end_of___xxtofl                    text21       001420
__end_of__initialization             cinit        00288E
__end_of_abs                         text27       002C42
__end_of_imprimirINS                 text3        0026A8
__end_of_imprimirSet                 text2        00109A
__end_of_inter_init                  text1        002BBC
__end_of_interrupcionX               text72       0031AC
__end_of_interrupcionY               text70       003176
__end_of_main                        text0        0004FA
__end_of_motoresmov                  text17       002468
__end_ofi2_CONTADOR                  text68       001C7E
__end_ofi2_Conversion                text62       001FD8
__end_ofi2_DIR_A                     text61       003476
__end_ofi2_DIR_B                     text60       00345A
__end_ofi2_ENABLE_A                  text79       0034AE
__end_ofi2_ENABLE_B                  text78       003492
__end_ofi2_PWMDutyCycle1             text74       0032E4
__end_ofi2_PWMDutyCycle2             text73       0032BC
__end_ofi2_UARTWrite                 text81       0034F2
__end_ofi2___fladd                   text66       000E7C
__end_ofi2___flge                    text67       0021E2
__end_ofi2___flsub                   text65       002B78
__end_ofi2___wmul                    text64       00337C
__end_ofi2___xxtofl                  text63       0015D4
__end_ofi2_abs                       text69       002EC4
__end_ofi2_motoresmov                text59       0025F4
__initialization                     cinit        0027F8
__mediumconst                        mediumconst  000000
__pbssBANK0                          bssBANK0     0000E5
__pbssCOMRAM                         bssCOMRAM    00005A
__pcinit                             cinit        0027F8
__pcstackBANK0                       cstackBANK0  000060
__pcstackCOMRAM                      cstackCOMRAM 000001
__pdataBANK0                         dataBANK0    0000B2
__pdataBANK1                         dataBANK1    000100
__pdataBANK2                         dataBANK2    000200
__pdataCOMRAM                        dataCOMRAM   000044
__pidataBANK0                        idataBANK0   0031E0
__pidataBANK1                        idataBANK1   0022C2
__pidataBANK2                        idataBANK2   002FB4
__pidataCOMRAM                       idataCOMRAM  0034C6
__pintcode                           intcode      000008
__pintcode_body                      intcode_body 001C7E
__ptext0                             text0        000012
__ptext1                             text1        002B78
__ptext10                            text10       001742
__ptext11                            text11       002A9E
__ptext12                            text12       0030D4
__ptext13                            text13       003028
__ptext14                            text14       002EC4
__ptext15                            text15       002BBC
__ptext16                            text16       002468
__ptext17                            text17       00239C
__ptext18                            text18       0033A0
__ptext19                            text19       0033C0
__ptext2                             text2        000E7C
__ptext20                            text20       001DB0
__ptext21                            text21       001268
__ptext22                            text22       00326C
__ptext23                            text23       002AEA
__ptext24                            text24       0004FA
__ptext25                            text25       001FD8
__ptext26                            text26       0019FA
__ptext27                            text27       002C00
__ptext28                            text28       003214
__ptext29                            text29       003240
__ptext3                             text3        0025F4
__ptext30                            text30       0033E0
__ptext31                            text31       003400
__ptext32                            text32       00310A
__ptext33                            text33       00109A
__ptext34                            text34       002D04
__ptext35                            text35       0015D4
__ptext36                            text36       003062
__ptext37                            text37       0032E4
__ptext38                            text38       00330A
__ptext39                            text39       002A46
__ptext4                             text4        002C84
__ptext40                            text40       002D44
__ptext41                            text41       0026A8
__ptext42                            text42       002D84
__ptext43                            text43       002DC4
__ptext44                            text44       002754
__ptext45                            text45       0029E2
__ptext46                            text46       002C42
__ptext47                            text47       0021E2
__ptext48                            text48       002E04
__ptext49                            text49       00309C
__ptext5                             text5        003420
__ptext50                            text50       003330
__ptext51                            text51       0018A6
__ptext52                            text52       00297C
__ptext53                            text53       002898
__ptext54                            text54       0034AE
__ptext55                            text55       002E44
__ptext56                            text56       0031AC
__ptext57                            text57       0034F2
__ptext59                            text59       002532
__ptext6                             text6        002FEE
__ptext60                            text60       00343E
__ptext61                            text61       00345A
__ptext62                            text62       001ECA
__ptext63                            text63       001420
__ptext64                            text64       003356
__ptext65                            text65       002B32
__ptext66                            text66       0009BC
__ptext67                            text67       0020DE
__ptext68                            text68       001B40
__ptext69                            text69       002E84
__ptext7                             text7        00337C
__ptext70                            text70       003140
__ptext71                            text71       002F00
__ptext72                            text72       003176
__ptext73                            text73       003294
__ptext74                            text74       0032BC
__ptext75                            text75       002F3C
__ptext76                            text76       003516
__ptext77                            text77       003504
__ptext78                            text78       003476
__ptext79                            text79       003492
__ptext8                             text8        00290E
__ptext80                            text80       002F78
__ptext81                            text81       0034DC
__ptext9                             text9        002CC4
__ramtop                             ramtop       000800
__size_of_Accion                     (abs)        000000
__size_of_BORRARINSTRUCCION          (abs)        000000
__size_of_CHECK                      (abs)        000000
__size_of_CONTADOR                   (abs)        000000
__size_of_COORReal                   (abs)        000000
__size_of_CREARINS                   (abs)        000000
__size_of_Conversion                 (abs)        000000
__size_of_DIR_A                      (abs)        000000
__size_of_DIR_B                      (abs)        000000
__size_of_EEPROM_R                   (abs)        000000
__size_of_EEPROM_W                   (abs)        000000
__size_of_EJECUTARINS                (abs)        000000
__size_of_ENABLE_A                   (abs)        000000
__size_of_ENABLE_B                   (abs)        000000
__size_of_ESCRIBIRINSTRUCCION        (abs)        000000
__size_of_EditseT                    (abs)        000000
__size_of_ExtraerDato                (abs)        000000
__size_of_GuardarsetN                (abs)        000000
__size_of_GuardarsetX                (abs)        000000
__size_of_GuardarsetY                (abs)        000000
__size_of_IMP_ACCION                 (abs)        000000
__size_of_INSTRUCCION                (abs)        000000
__size_of_INT_isr                    (abs)        000000
__size_of_LIMITEX                    (abs)        000000
__size_of_LIMITEY                    (abs)        000000
__size_of_MENUINS                    (abs)        000000
__size_of_MOVASETPOINT               (abs)        000000
__size_of_Menimp                     (abs)        000000
__size_of_Mensaje_comando_completado (abs)        000000
__size_of_NOHAYESPACIO               (abs)        000000
__size_of_NOcomando                  (abs)        000000
__size_of_NOcoordenada               (abs)        000000
__size_of_OCUPADO                    (abs)        000000
__size_of_Obt                        (abs)        000000
__size_of_PARO2                      (abs)        000000
__size_of_PARO2aden                  (abs)        000000
__size_of_PARO2out                   (abs)        000000
__size_of_PREEJECUTAR                (abs)        000000
__size_of_PREGUNTA                   (abs)        000000
__size_of_PREGUNTA2                  (abs)        000000
__size_of_PROBLEMA                   (abs)        000000
__size_of_PWMDutyCycle1              (abs)        000000
__size_of_PWMDutyCycle2              (abs)        000000
__size_of_PWMconfi                   (abs)        000000
__size_of_SETNOEX                    (abs)        000000
__size_of_SETPOINEXIST               (abs)        000000
__size_of_SETPOINTBUSCAR             (abs)        000000
__size_of_Tardanza                   (abs)        000000
__size_of_UARTRead                   (abs)        000000
__size_of_UARTWrite                  (abs)        000000
__size_of_UARTconfi                  (abs)        000000
__size_of___fladd                    (abs)        000000
__size_of___flge                     (abs)        000000
__size_of___flsub                    (abs)        000000
__size_of___lwdiv                    (abs)        000000
__size_of___lwmod                    (abs)        000000
__size_of___wmul                     (abs)        000000
__size_of___xxtofl                   (abs)        000000
__size_of_abs                        (abs)        000000
__size_of_imprimirINS                (abs)        000000
__size_of_imprimirSet                (abs)        000000
__size_of_inter_init                 (abs)        000000
__size_of_interrupcionX              (abs)        000000
__size_of_interrupcionY              (abs)        000000
__size_of_main                       (abs)        000000
__size_of_motoresmov                 (abs)        000000
__size_ofi2_CONTADOR                 (abs)        000000
__size_ofi2_Conversion               (abs)        000000
__size_ofi2_DIR_A                    (abs)        000000
__size_ofi2_DIR_B                    (abs)        000000
__size_ofi2_ENABLE_A                 (abs)        000000
__size_ofi2_ENABLE_B                 (abs)        000000
__size_ofi2_PWMDutyCycle1            (abs)        000000
__size_ofi2_PWMDutyCycle2            (abs)        000000
__size_ofi2_UARTWrite                (abs)        000000
__size_ofi2___fladd                  (abs)        000000
__size_ofi2___flge                   (abs)        000000
__size_ofi2___flsub                  (abs)        000000
__size_ofi2___wmul                   (abs)        000000
__size_ofi2___xxtofl                 (abs)        000000
__size_ofi2_abs                      (abs)        000000
__size_ofi2_motoresmov               (abs)        000000
__smallconst                         smallconst   000000
_abs                                 text27       002C00
_banderaaccion                       bssCOMRAM    00005E
_imprimirINS                         text3        0025F4
_imprimirSet                         text2        000E7C
_imprimirSet$2314                    cstackBANK0  00007F
_inter_init                          text1        002B78
_interrupcionX                       text72       003176
_interrupcionY                       text70       003140
_main                                text0        000012
_motoresmov                          text17       00239C
abs@a                                cstackBANK0  000060
btemp                                temp         00005F
end_of_initialization                cinit        00288E
i2CONTADOR@A                         cstackCOMRAM 000010
i2CONTADOR@B                         cstackCOMRAM 000011
i2CONTADOR@ContadorA                 cstackCOMRAM 00000A
i2CONTADOR@ContadorB                 cstackCOMRAM 00000C
i2CONTADOR@DifA                      cstackCOMRAM 000006
i2CONTADOR@DifB                      cstackCOMRAM 000008
i2CONTADOR@ZA                        cstackCOMRAM 00000E
i2CONTADOR@ZB                        cstackCOMRAM 00000F
i2Conversion@B                       cstackCOMRAM 000031
i2Conversion@Dif                     cstackCOMRAM 000029
i2Conversion@X1                      cstackCOMRAM 00002D
i2Conversion@X2                      cstackCOMRAM 000033
i2DIR_A@X                            cstackCOMRAM 000001
i2DIR_B@X                            cstackCOMRAM 000001
i2ENABLE_A@X                         cstackCOMRAM 000001
i2ENABLE_B@X                         cstackCOMRAM 000001
i2PWMDutyCycle1@DUTY                 cstackCOMRAM 000005
i2PWMDutyCycle1@PERCENT              cstackCOMRAM 000003
i2PWMDutyCycle2@DUTY                 cstackCOMRAM 000005
i2PWMDutyCycle2@PERCENT              cstackCOMRAM 000003
i2UARTWrite@txData                   cstackCOMRAM 000001
i2_CONTADOR                          text68       001B40
i2_Conversion                        text62       001ECA
i2_DIR_A                             text61       00345A
i2_DIR_B                             text60       00343E
i2_ENABLE_A                          text79       003492
i2_ENABLE_B                          text78       003476
i2_PWMDutyCycle1                     text74       0032BC
i2_PWMDutyCycle2                     text73       003294
i2_UARTWrite                         text81       0034DC
i2___fladd                           text66       0009BC
i2___fladd@a                         cstackCOMRAM 000005
i2___fladd@aexp                      cstackCOMRAM 00000E
i2___fladd@b                         cstackCOMRAM 000001
i2___fladd@bexp                      cstackCOMRAM 00000F
i2___fladd@grs                       cstackCOMRAM 000010
i2___fladd@signs                     cstackCOMRAM 00000D
i2___flge                            text67       0020DE
i2___flge@ff1                        cstackCOMRAM 00001D
i2___flge@ff2                        cstackCOMRAM 000021
i2___flsub                           text65       002B32
i2___flsub@a                         cstackCOMRAM 000019
i2___flsub@b                         cstackCOMRAM 000015
i2___wmul                            text64       003356
i2___wmul@multiplicand               cstackCOMRAM 000003
i2___wmul@multiplier                 cstackCOMRAM 000001
i2___wmul@product                    cstackCOMRAM 000005
i2___xxtofl                          text63       001420
i2___xxtofl@arg                      cstackCOMRAM 000011
i2___xxtofl@exp                      cstackCOMRAM 000010
i2___xxtofl@sign                     cstackCOMRAM 00000F
i2___xxtofl@val                      cstackCOMRAM 000007
[...]
 Data sizes:     COMRAM   BANK0   BANK1   BANK2   BANK3   BANK4   BANK5   BANK6   BANK7
      Params:         0       0       0       0       0       0       0       0       0
      Locals:         0       0       0       0       0       0       0       0       0
      Temps:          0       0       0       0       0       0       0       0       0
      Totals:         0       0       0       0       0       0       0       0       0
Total ram usage:        0 bytes
 Hardware stack levels used:    1
 Hardware stack levels required when called:    2
 This function calls:
		_LIMITEY
		i2_ENABLE_A
		i2_ENABLE_B
		i2_PWMDutyCycle1
		i2_PWMDutyCycle2
 This function is called by:
		_INT_isr
 This function uses a non-reentrant model


 *************** function _LIMITEY *****************
 Defined at:
		line 213 in file "../Proyectoa4550.X/Mensajes50.c"
 Parameters:    Size  Location     Type
		None
 Auto vars:     Size  Location     Type
  C               1   15[COMRAM] unsigned char 
  F              14    1[COMRAM] unsigned char [14]
 Return value:  Size  Location     Type
                  1    wreg      void 
 Registers used:
		wreg, fsr1l, fsr1h, fsr2l, fsr2h, status,2, status,0, cstack
 Tracked objects:
		On entry : 
		On exit  : 
		Unchanged: 
 Data sizes:     COMRAM   BANK0   BANK1   BANK2   BANK3   BANK4   BANK5   BANK6   BANK7
      Params:         0       0       0       0       0       0       0       0       0
      Locals:        15       0       0       0       0       0       0       0       0
      Temps:          0       0       0       0       0       0       0       0       0
      Totals:        15       0       0       0       0       0       0       0       0
Total ram usage:       15 bytes
 Hardware stack levels used:    1
 Hardware stack levels required when called:    1
 This function calls:
		i2_UARTWrite
 This function is called by:
		_interrupcionY
 This function uses a non-reentrant model


 *************** function _interrupcionX *****************
 Defined at:
		line 17 in file "interrupcciones.c"
 Parameters:    Size  Location     Type
		None
 Auto vars:     Size  Location     Type
		None
 Return value:  Size  Location     Type
                  1    wreg      void 
 Registers used:
		wreg, fsr1l, fsr1h, fsr2l, fsr2h, status,2, status,0, prodl, prodh, cstack
 Tracked objects:
		On entry : 
		On exit  : 
		Unchanged: 
 Data sizes:     COMRAM   BANK0   BANK1   BANK2   BANK3   BANK4   BANK5   BANK6   BANK7
      Params:         0       0       0       0       0       0       0       0       0
      Locals:         0       0       0       0       0       0       0       0       0
      Temps:          0       0       0       0       0       0       0       0       0
      Totals:         0       0       0       0       0       0       0       0       0
Total ram usage:        0 bytes
 Hardware stack levels used:    1
 Hardware stack levels required when called:    2
 This function calls:
		_LIMITEX
		i2_ENABLE_A
		i2_ENABLE_B
		i2_PWMDutyCycle1
		i2_PWMDutyCycle2
 This function is called by:
		_INT_isr
 This function uses a non-reentrant model


 *************** function i2_PWMDutyCycle2 *****************
 Defined at:
		line 41 in file "../Proyectoa4550.X/PWM.c"
 Parameters:    Size  Location     Type
  DUTY            1    wreg     unsigned char 
 Auto vars:     Size  Location     Type
  DUTY            1    4[COMRAM] unsigned char 
  PWMDutyCycle    2    2[COMRAM] unsigned short 
 Return value:  Size  Location     Type
                  1    wreg      void 
 Registers used:
		wreg, status,2, status,0, prodl, prodh
 Tracked objects:
		On entry : 
		On exit  : 
		Unchanged: 
 Data sizes:     COMRAM   BANK0   BANK1   BANK2   BANK3   BANK4   BANK5   BANK6   BANK7
      Params:         0       0       0       0       0       0       0       0       0
      Locals:         3       0       0       0       0       0       0       0       0
      Temps:          2       0       0       0       0       0       0       0       0
      Totals:         5       0       0       0       0       0       0       0       0
Total ram usage:        5 bytes
 Hardware stack levels used:    1
 This function calls:
		Nothing
 This function is called by:
		_interrupcionX
		_interrupcionY
		i2_CONTADOR
 This function uses a non-reentrant model


 *************** function i2_PWMDutyCycle1 *****************
 Defined at:
		line 35 in file "../Proyectoa4550.X/PWM.c"
 Parameters:    Size  Location     Type
  DUTY            1    wreg     unsigned char 
 Auto vars:     Size  Location     Type
  DUTY            1    4[COMRAM] unsigned char 
  PWMDutyCycle    2    2[COMRAM] unsigned short 
 Return value:  Size  Location     Type
                  1    wreg      void 
 Registers used:
		wreg, status,2, status,0, prodl, prodh
 Tracked objects:
		On entry : 
		On exit  : 
		Unchanged: 
 Data sizes:     COMRAM   BANK0   BANK1   BANK2   BANK3   BANK4   BANK5   BANK6   BANK7
      Params:         0       0       0       0       0       0       0       0       0
      Locals:         3       0       0       0       0       0       0       0       0
      Temps:          2       0       0       0       0       0       0       0       0
      Totals:         5       0       0       0       0       0       0       0       0
Total ram usage:        5 bytes
 Hardware stack levels used:    1
 This function calls:
		Nothing
 This function is called by:
		_interrupcionX
		_interrupcionY
		i2_CONTADOR
 This function uses a non-reentrant model


 *************** function _LIMITEX *****************
 Defined at:
		line 206 in file "../Proyectoa4550.X/Mensajes50.c"
 Parameters:    Size  Location     Type
		None
 Auto vars:     Size  Location     Type
  C               1   15[COMRAM] unsigned char 
  F              14    1[COMRAM] unsigned char [14]
 Return value:  Size  Location     Type
                  1    wreg      void 
 Registers used:
		wreg, fsr1l, fsr1h, fsr2l, fsr2h, status,2, status,0, cstack
 Tracked objects:
		On entry : 
		On exit  : 
		Unchanged: 
 Data sizes:     COMRAM   BANK0   BANK1   BANK2   BANK3   BANK4   BANK5   BANK6   BANK7
      Params:         0       0       0       0       0       0       0       0       0
      Locals:        15       0       0       0       0       0       0       0       0
      Temps:          0       0       0       0       0       0       0       0       0
      Totals:        15       0       0       0       0       0       0       0       0
Total ram usage:       15 bytes
 Hardware stack levels used:    1
 Hardware stack levels required when called:    1
 This function calls:
		i2_UARTWrite
 This function is called by:
		_interrupcionX
 This function uses a non-reentrant model


 *************** function _PARO2out *****************
 Defined at:
		line 43 in file "interrupcciones.c"
 Parameters:    Size  Location     Type
		None
 Auto vars:     Size  Location     Type
		None
 Return value:  Size  Location     Type
                  1    wreg      void 
 Registers used:
		wreg, status,2, status,0, cstack
 Tracked objects:
		On entry : 
		On exit  : 
		Unchanged: 
 Data sizes:     COMRAM   BANK0   BANK1   BANK2   BANK3   BANK4   BANK5   BANK6   BANK7
      Params:         0       0       0       0       0       0       0       0       0
      Locals:         0       0       0       0       0       0       0       0       0
      Temps:          0       0       0       0       0       0       0       0       0
      Totals:         0       0       0       0       0       0       0       0       0
Total ram usage:        0 bytes
 Hardware stack levels used:    1
 Hardware stack levels required when called:    1
 This function calls:
		i2_ENABLE_A
		i2_ENABLE_B
 This function is called by:
		_INT_isr
 This function uses a non-reentrant model


 *************** function _PARO2aden *****************
 Defined at:
		line 38 in file "interrupcciones.c"
 Parameters:    Size  Location     Type
		None
 Auto vars:     Size  Location     Type
		None
 Return value:  Size  Location     Type
                  1    wreg      void 
 Registers used:
		wreg, fsr1l, fsr1h, fsr2l, fsr2h, status,2, status,0, cstack
 Tracked objects:
		On entry : 
		On exit  : 
		Unchanged: 
 Data sizes:     COMRAM   BANK0   BANK1   BANK2   BANK3   BANK4   BANK5   BANK6   BANK7
      Params:         0       0       0       0       0       0       0       0       0
      Locals:         0       0       0       0       0       0       0       0       0
      Temps:          0       0       0       0       0       0       0       0       0
      Totals:         0       0       0       0       0       0       0       0       0
Total ram usage:        0 bytes
 Hardware stack levels used:    1
 Hardware stack levels required when called:    2
 This function calls:
		_PARO2
		i2_ENABLE_A
		i2_ENABLE_B
 This function is called by:
		_INT_isr
 This function uses a non-reentrant model


 *************** function i2_ENABLE_B *****************
 Defined at:
		line 77 in file "../Proyectoa4550.X/GPIO.c"
 Parameters:    Size  Location     Type
  X               1    wreg     unsigned char 
 Auto vars:     Size  Location     Type
  X               1    0[COMRAM] unsigned char 
 Return value:  Size  Location     Type
                  1    wreg      void 
 Registers used:
		wreg, status,2, status,0
 Tracked objects:
		On entry : 
		On exit  : 
		Unchanged: 
 Data sizes:     COMRAM   BANK0   BANK1   BANK2   BANK3   BANK4   BANK5   BANK6   BANK7
      Params:         0       0       0       0       0       0       0       0       0
      Locals:         1       0       0       0       0       0       0       0       0
      Temps:          0       0       0       0       0       0       0       0       0
      Totals:         1       0       0       0       0       0       0       0       0
Total ram usage:        1 bytes
 Hardware stack levels used:    1
 This function calls:
		Nothing
 This function is called by:
		_interrupcionX
		_interrupcionY
		_PARO2aden
		_PARO2out
		i2_motoresmov
		i2_CONTADOR
 This function uses a non-reentrant model


 *************** function i2_ENABLE_A *****************
 Defined at:
		line 69 in file "../Proyectoa4550.X/GPIO.c"
 Parameters:    Size  Location     Type
  X               1    wreg     unsigned char 
 Auto vars:     Size  Location     Type
  X               1    0[COMRAM] unsigned char 
 Return value:  Size  Location     Type
                  1    wreg      void 
 Registers used:
		wreg, status,2, status,0
 Tracked objects:
		On entry : 
		On exit  : 
		Unchanged: 
 Data sizes:     COMRAM   BANK0   BANK1   BANK2   BANK3   BANK4   BANK5   BANK6   BANK7
      Params:         0       0       0       0       0       0       0       0       0
      Locals:         1       0       0       0       0       0       0       0       0
      Temps:          0       0       0       0       0       0       0       0       0
      Totals:         1       0       0       0       0       0       0       0       0
Total ram usage:        1 bytes
 Hardware stack levels used:    1
 This function calls:
		Nothing
 This function is called by:
		_interrupcionX
		_interrupcionY
		_PARO2aden
		_PARO2out
		i2_motoresmov
		i2_CONTADOR
 This function uses a non-reentrant model


 *************** function _PARO2 *****************
 Defined at:
		line 219 in file "../Proyectoa4550.X/Mensajes50.c"
 Parameters:    Size  Location     Type
		None
 Auto vars:     Size  Location     Type
  C               1   28[COMRAM] unsigned char 
  F              27    1[COMRAM] unsigned char [27]
 Return value:  Size  Location     Type
                  1    wreg      void 
 Registers used:
		wreg, fsr1l, fsr1h, fsr2l, fsr2h, status,2, status,0, cstack
 Tracked objects:
		On entry : 
		On exit  : 
		Unchanged: 
 Data sizes:     COMRAM   BANK0   BANK1   BANK2   BANK3   BANK4   BANK5   BANK6   BANK7
      Params:         0       0       0       0       0       0       0       0       0
      Locals:        28       0       0       0       0       0       0       0       0
      Temps:          0       0       0       0       0       0       0       0       0
      Totals:        28       0       0       0       0       0       0       0       0
Total ram usage:       28 bytes
 Hardware stack levels used:    1
 Hardware stack levels required when called:    1
 This function calls:
		i2_UARTWrite
 This function is called by:
		_PARO2aden
 This function uses a non-reentrant model


 *************** function i2_UARTWrite *****************
 Defined at:
		line 33 in file "../Proyectoa4550.X/UART50.c"
 Parameters:    Size  Location     Type
  txData          1    wreg     unsigned char 
 Auto vars:     Size  Location     Type
  txData          1    0[COMRAM] unsigned char 
 Return value:  Size  Location     Type
                  1    wreg      void 
 Registers used:
		wreg
 Tracked objects:
		On entry : 
		On exit  : 
		Unchanged: 
 Data sizes:     COMRAM   BANK0   BANK1   BANK2   BANK3   BANK4   BANK5   BANK6   BANK7
      Params:         0       0       0       0       0       0       0       0       0
      Locals:         1       0       0       0       0       0       0       0       0
      Temps:          0       0       0       0       0       0       0       0       0
      Totals:         1       0       0       0       0       0       0       0       0
Total ram usage:        1 bytes
 Hardware stack levels used:    1
 This function calls:
		Nothing
 This function is called by:
		_LIMITEX
		_LIMITEY
		_PARO2
 This function uses a non-reentrant model



MODULE INFORMATION

Module		Function		Class		Link	Load	Size
C:\Program Files (x86)\Microchip\xc8\v2.10\pic\sources\c99\common\xxtofl.c
		___xxtofl      		CODE           	1268	0000	441

C:\Program Files (x86)\Microchip\xc8\v2.10\pic\sources\c99\common\xxtofl.c estimated size: 441

C:\Program Files (x86)\Microchip\xc8\v2.10\pic\sources\c99\common\lwdiv.c
		___lwdiv       		CODE           	2898	0000	119

C:\Program Files (x86)\Microchip\xc8\v2.10\pic\sources\c99\common\lwdiv.c estimated size: 119

../Proyectoa4550.X/PWM.c
		_PWMDutyCycle1 		CODE           	3240	0000	45
		_PWMDutyCycle2 		CODE           	3214	0000	45
		_PWMconfi      		CODE           	337C	0000	37
		_CONTADOR      		CODE           	19FA	0000	327

../Proyectoa4550.X/PWM.c estimated size: 454

../Proyectoa4550.X/GPIO.c
		_ENABLE_A      		CODE           	3400	0000	33
		_ENABLE_B      		CODE           	33E0	0000	33
		_DIR_A         		CODE           	33C0	0000	33
		_DIR_B         		CODE           	33A0	0000	33
		_inter_init    		CODE           	2B78	0000	69

../Proyectoa4550.X/GPIO.c estimated size: 201

C:\Program Files (x86)\Microchip\xc8\v2.10\pic\sources\c99\common\flge.c
		___flge        		CODE           	1FD8	0000	263

C:\Program Files (x86)\Microchip\xc8\v2.10\pic\sources\c99\common\flge.c estimated size: 263

EEPROM.c
		_EEPROM_R      		CODE           	34F2	0000	19
		_EEPROM_W      		CODE           	31AC	0000	53

EEPROM.c estimated size: 72

interrupcciones.c
		_PARO2aden     		CODE           	3504	0000	19
		_interrupcionX 		CODE           	3176	0000	55
		_interrupcionY 		CODE           	3140	0000	55
		_PARO2out      		CODE           	3516	0000	15

interrupcciones.c estimated size: 144

shared
		i2_abs         		CODE           	2E84	0000	65
		i2_DIR_B       		CODE           	343E	0000	29
		i2_PWMDutyCycle1		CODE           	32BC	0000	41
		i2_PWMDutyCycle2		CODE           	3294	0000	41
		i2_Conversion  		CODE           	1ECA	0000	271
		i2___fladd     		CODE           	09BC	0000	1217
		i2_DIR_A       		CODE           	345A	0000	29
		i2___wmul      		CODE           	3356	0000	39
		i2_CONTADOR    		CODE           	1B40	0000	319
		__initialization		CODE           	27F8	0000	151
		i2___flge      		CODE           	20DE	0000	261
		i2_ENABLE_A    		CODE           	3492	0000	29
		i2_ENABLE_B    		CODE           	3476	0000	29
		i2_motoresmov  		CODE           	2532	0000	195
		i2___xxtofl    		CODE           	1420	0000	437
		i2___flsub     		CODE           	2B32	0000	71
		i2_UARTWrite   		CODE           	34DC	0000	23

shared estimated size: 3247

../Proyectoa4550.X/UART50.c
		_UARTconfi     		CODE           	3420	0000	31
		_PROBLEMA      		CODE           	2C42	0000	67
		_UARTWrite     		CODE           	34AE	0000	25
		_UARTRead      		CODE           	29E2	0000	101

../Proyectoa4550.X/UART50.c estimated size: 224

C:\Program Files (x86)\Microchip\xc8\v2.10\pic\sources\c99\common\sprcadd.c
		___flsub       		CODE           	2AEA	0000	73
		___fladd       		CODE           	04FA	0000	1219

C:\Program Files (x86)\Microchip\xc8\v2.10\pic\sources\c99\common\sprcadd.c estimated size: 1292

C:\Program Files (x86)\Microchip\xc8\v2.10\pic\sources\c99\common\abs.c
		_abs           		CODE           	2C00	0000	67

C:\Program Files (x86)\Microchip\xc8\v2.10\pic\sources\c99\common\abs.c estimated size: 67

../Proyectoa4550.X/Mensajes50.c
		_PREGUNTA      		CODE           	2D44	0000	65
		_PREGUNTA2     		CODE           	2CC4	0000	65
		_Obt           		CODE           	15D4	0000	367
		_Tardanza      		CODE           	2FEE	0000	59
		_Menimp        		CODE           	2BBC	0000	69
		_NOcomando     		CODE           	3028	0000	59
		_PARO2         		CODE           	2F78	0000	61
		_Mensaje_comando_completado		CODE           	2EC4	0000	61
		_SETPOINEXIST  		CODE           	2D04	0000	65
		_IMP_ACCION    		CODE           	2C84	0000	65
		_LIMITEY       		CODE           	2F00	0000	61
		_NOHAYESPACIO  		CODE           	2D84	0000	65
		_COORReal      		CODE           	18A6	0000	341
		_MENUINS       		CODE           	2DC4	0000	65
		_NOcoordenada  		CODE           	3062	0000	59
		_SETNOEX       		CODE           	2E04	0000	65
		_LIMITEX       		CODE           	2F3C	0000	61
		_OCUPADO       		CODE           	30D4	0000	55
		_imprimirINS   		CODE           	25F4	0000	181
		_imprimirSet   		CODE           	0E7C	0000	543

../Proyectoa4550.X/Mensajes50.c estimated size: 2432

C:\Program Files (x86)\Microchip\xc8\v2.10\pic\sources\c99\common\Umul16.c
		___wmul        		CODE           	326C	0000	41

C:\Program Files (x86)\Microchip\xc8\v2.10\pic\sources\c99\common\Umul16.c estimated size: 41

SETPOINTS.c
		_ExtraerDato   		CODE           	310A	0000	55
		_PREEJECUTAR   		CODE           	290E	0000	111
		_BORRARINSTRUCCION		CODE           	3330	0000	39
		_GuardarsetN   		CODE           	309C	0000	57
		_GuardarsetX   		CODE           	330A	0000	39
		_GuardarsetY   		CODE           	32E4	0000	39
		_EJECUTARINS   		CODE           	1742	0000	357
		_SETPOINTBUSCAR		CODE           	21E2	0000	225
		_ESCRIBIRINSTRUCCION		CODE           	2754	0000	165
		_MOVASETPOINT  		CODE           	2468	0000	203
		_EditseT       		CODE           	109A	0000	463
		_INSTRUCCION   		CODE           	26A8	0000	173
		_CHECK         		CODE           	2E44	0000	65
		_CREARINS      		CODE           	2A46	0000	89

SETPOINTS.c estimated size: 2080

SPARC.c
		_main          		CODE           	0012	0000	1257
		_INT_isr       		CODE           	0008	0000	313

SPARC.c estimated size: 1570

../Proyectoa4550.X/MOTOR.c
		_Accion        		CODE           	2A9E	0000	77
		_motoresmov    		CODE           	239C	0000	205
		_Conversion    		CODE           	1DB0	0000	283

../Proyectoa4550.X/MOTOR.c estimated size: 565

C:\Program Files (x86)\Microchip\xc8\v2.10\pic\sources\c99\common\lwmod.c
		___lwmod       		CODE           	297C	0000	103

C:\Program Files (x86)\Microchip\xc8\v2.10\pic\sources\c99\common\lwmod.c estimated size: 103

